<testsuites id="" name="" tests="2" failures="0" skipped="0" errors="0" time="42.264146999999994">
<testsuite name="performance-lite\performance.spec.ts" timestamp="2026-05-17T06:27:13.968Z" hostname="chromium" tests="1" failures="0" skipped="0" time="21.578" errors="0">
<testcase name="@performance Login page load time" classname="performance-lite\performance.spec.ts" time="21.578">
<system-out>
<![CDATA[Load time=10859

[[ATTACHMENT|test-results\performance-lite-performan-b9c5e-rmance-Login-page-load-time-chromium\test-failed-1.png]]

[[ATTACHMENT|test-results\performance-lite-performan-b9c5e-rmance-Login-page-load-time-chromium\video.webm]]

[[ATTACHMENT|test-results\performance-lite-performan-b9c5e-rmance-Login-page-load-time-chromium\error-context.md]]

[[ATTACHMENT|test-results\performance-lite-performan-b9c5e-rmance-Login-page-load-time-chromium\trace.zip]]
Load time=1672

[[ATTACHMENT|test-results\performance-lite-performan-b9c5e-rmance-Login-page-load-time-chromium-retry1\trace.zip]]
]]>
</system-out>
</testcase>
</testsuite>
<testsuite name="performance-lite\performance.spec.ts" timestamp="2026-05-17T06:27:13.968Z" hostname="firefox" tests="1" failures="0" skipped="0" time="25.99" errors="0">
<testcase name="@performance Login page load time" classname="performance-lite\performance.spec.ts" time="25.99">
<system-out>
<![CDATA[Load time=6118

[[ATTACHMENT|test-results\performance-lite-performan-b9c5e-rmance-Login-page-load-time-firefox\test-failed-1.png]]

[[ATTACHMENT|test-results\performance-lite-performan-b9c5e-rmance-Login-page-load-time-firefox\video.webm]]

[[ATTACHMENT|test-results\performance-lite-performan-b9c5e-rmance-Login-page-load-time-firefox\error-context.md]]

[[ATTACHMENT|test-results\performance-lite-performan-b9c5e-rmance-Login-page-load-time-firefox\trace.zip]]
Load time=1279

[[ATTACHMENT|test-results\performance-lite-performan-b9c5e-rmance-Login-page-load-time-firefox-retry1\trace.zip]]
]]>
</system-out>
</testcase>
</testsuite>
</testsuites>